2022-09-23 22:11:04,086 - test_log.txt - INFO - hi wu
